// Jest Snapshot v1, https://goo.gl/fbAQLP

exports[`Root render custom message 1`] = `
<h1>
  yeahh
</h1>
`;
